\BOOKMARK [1][-]{section*.1}{\376\377\000A\000r\000c\000h\000i\000t\000e\000c\000t\000u\000r\000a\000l\000\040\000S\000p\000e\000c\000i\000f\000i\000c\000a\000t\000i\000o\000n\000\040\000-\000\040\000R\000I\000S\000C\000-\000V\000\040\000C\000o\000r\000e\000\040\000\050\000v\0001\000,\000\040\000R\000T\000L\000\040\000s\000n\000a\000p\000s\000h\000o\000t\000\040\0002\0000\0002\0006\000-\0000\0009\000-\0000\0001\000\051}{}% 1
\BOOKMARK [2][-]{section*.2}{\376\377\0001\000.\000\040\000D\000o\000c\000u\000m\000e\000n\000t\000\040\000p\000u\000r\000p\000o\000s\000e}{section*.1}% 2
\BOOKMARK [2][-]{section*.3}{\376\377\0002\000.\000\040\000F\000i\000r\000s\000t\000\040\000v\000e\000r\000s\000i\000o\000n\000\040\000g\000o\000a\000l\000s}{section*.1}% 3
\BOOKMARK [2][-]{section*.4}{\376\377\0003\000.\000\040\000I\000S\000A\000\040\000p\000r\000o\000f\000i\000l\000e}{section*.1}% 4
\BOOKMARK [2][-]{section*.5}{\376\377\0004\000.\000\040\000M\000i\000c\000r\000o\000a\000r\000c\000h\000i\000t\000e\000c\000t\000u\000r\000e\000\040\000\050\000s\000i\000m\000p\000l\000e\000\040\000v\0001\000\051}{section*.1}% 5
\BOOKMARK [2][-]{section*.6}{\376\377\0005\000.\000\040\000F\000u\000n\000c\000t\000i\000o\000n\000a\000l\000\040\000u\000n\000i\000t\000s}{section*.1}% 6
\BOOKMARK [3][-]{section*.7}{\376\377\0005\000.\0001\000\040\000A\000s\000s\000e\000m\000b\000l\000y\000\040\000i\000n\000s\000t\000r\000u\000c\000t\000i\000o\000n\000s\000\040\000a\000n\000d\000\040\000c\000u\000r\000r\000e\000n\000t\000\040\000R\000T\000L\000\040\000s\000t\000a\000t\000u\000s}{section*.6}% 7
\BOOKMARK [3][-]{section*.14}{\376\377\0005\000.\0002\000\040\000R\000I\000S\000C\000-\000V\000\040\000i\000n\000s\000t\000r\000u\000c\000t\000i\000o\000n\000\040\000c\000a\000t\000a\000l\000o\000g\000\040\000\050\000r\000e\000f\000e\000r\000e\000n\000c\000e\000\040\000f\000o\000r\000\040\000I\000S\000A\000\040\000e\000x\000t\000e\000n\000s\000i\000o\000n\000s\000\051}{section*.6}% 8
\BOOKMARK [2][-]{section*.25}{\376\377\0006\000.\000\040\000M\000e\000m\000o\000r\000y\000\040\000s\000u\000b\000s\000y\000s\000t\000e\000m\000\040\000a\000n\000d\000\040\000a\000d\000d\000r\000e\000s\000s\000\040\000m\000a\000p\000\040\000\050\000c\000u\000r\000r\000e\000n\000t\000\040\000R\000T\000L\000\040\000s\000t\000a\000t\000u\000s\000\051}{section*.1}% 9
\BOOKMARK [3][-]{section*.26}{\376\377\0006\000.\0001\000\040\000I\000n\000s\000t\000r\000u\000c\000t\000i\000o\000n\000\040\000c\000a\000c\000h\000e}{section*.25}% 10
\BOOKMARK [3][-]{section*.27}{\376\377\0006\000.\0002\000\040\000D\000a\000t\000a\000\040\000c\000a\000c\000h\000e}{section*.25}% 11
\BOOKMARK [3][-]{section*.28}{\376\377\0006\000.\0003\000\040\000U\000n\000i\000f\000i\000e\000d\000\040\000b\000r\000i\000n\000g\000-\000u\000p\000\040\000R\000A\000M}{section*.25}% 12
\BOOKMARK [3][-]{section*.29}{\376\377\0006\000.\0004\000\040\000A\000l\000t\000e\000r\000n\000a\000t\000i\000v\000e\000/\000l\000e\000g\000a\000c\000y\000\040\000m\000e\000m\000o\000r\000y\000\040\000m\000o\000d\000u\000l\000e\000s}{section*.25}% 13
\BOOKMARK [2][-]{section*.30}{\376\377\0007\000.\000\040\000B\000u\000s\000\040\000i\000n\000t\000e\000r\000f\000a\000c\000e\000\040\000\050\000c\000u\000r\000r\000e\000n\000t\000\040\000R\000T\000L\000\040\000s\000t\000a\000t\000u\000s\000\051}{section*.1}% 14
\BOOKMARK [2][-]{section*.31}{\376\377\0008\000.\000\040\000R\000e\000s\000e\000t\000,\000\040\000c\000l\000o\000c\000k\000,\000\040\000i\000n\000t\000e\000r\000r\000u\000p\000t}{section*.1}% 15
\BOOKMARK [2][-]{section*.32}{\376\377\0009\000.\000\040\000C\000S\000R\000,\000\040\000t\000r\000a\000p\000s\000,\000\040\000a\000n\000d\000\040\000e\000r\000r\000o\000r\000s}{section*.1}% 16
\BOOKMARK [2][-]{section*.33}{\376\377\0001\0000\000.\000\040\000H\000a\000z\000a\000r\000d\000\040\000m\000a\000n\000a\000g\000e\000m\000e\000n\000t\000\040\000a\000n\000d\000\040\000p\000i\000p\000e\000l\000i\000n\000e\000\040\000c\000o\000n\000t\000r\000o\000l}{section*.1}% 17
\BOOKMARK [3][-]{section*.34}{\376\377\0001\0000\000.\0001\000\040\000F\000u\000n\000c\000t\000i\000o\000n\000a\000l\000\040\000c\000o\000m\000p\000l\000i\000a\000n\000c\000e\000\040\000s\000t\000a\000t\000u\000s}{section*.33}% 18
\BOOKMARK [2][-]{section*.35}{\376\377\0001\0001\000.\000\040\000I\000n\000i\000t\000i\000a\000l\000\040\000p\000e\000r\000f\000o\000r\000m\000a\000n\000c\000e\000\040\000t\000a\000r\000g\000e\000t\000\040\000\050\000t\000o\000\040\000b\000e\000\040\000r\000e\000f\000i\000n\000e\000d\000\051}{section*.1}% 19
\BOOKMARK [2][-]{section*.36}{\376\377\0001\0002\000.\000\040\000E\000x\000p\000l\000i\000c\000i\000t\000\040\000e\000x\000c\000l\000u\000s\000i\000o\000n\000s\000\040\000f\000r\000o\000m\000\040\000v\0001}{section*.1}% 20
\BOOKMARK [2][-]{section*.37}{\376\377\0001\0003\000.\000\040\000M\000i\000n\000i\000m\000u\000m\000\040\000v\000e\000r\000i\000f\000i\000c\000a\000t\000i\000o\000n\000\040\000r\000e\000q\000u\000i\000r\000e\000m\000e\000n\000t\000s}{section*.1}% 21
\BOOKMARK [2][-]{section*.38}{\376\377\0001\0004\000.\000\040\000D\000e\000l\000i\000v\000e\000r\000a\000b\000l\000e\000s\000\040\000r\000e\000l\000a\000t\000e\000d\000\040\000t\000o\000\040\000t\000h\000i\000s\000\040\000s\000p\000e\000c\000i\000f\000i\000c\000a\000t\000i\000o\000n}{section*.1}% 22
\BOOKMARK [2][-]{section*.39}{\376\377\0001\0005\000.\000\040\000R\000T\000L\000\040\000i\000m\000p\000l\000e\000m\000e\000n\000t\000a\000t\000i\000o\000n\000\040\000s\000t\000a\000t\000u\000s\000\040\000\050\000c\000o\000m\000p\000l\000e\000t\000e\000\040\000s\000n\000a\000p\000s\000h\000o\000t\000\051}{section*.1}% 23
\BOOKMARK [3][-]{section*.40}{\376\377\0001\0005\000.\0001\000\040\000A\000c\000t\000i\000v\000e\000\040\000d\000a\000t\000a\000p\000a\000t\000h\000\040\000a\000n\000d\000\040\000c\000o\000n\000t\000r\000o\000l}{section*.39}% 24
\BOOKMARK [3][-]{section*.41}{\376\377\0001\0005\000.\0002\000\040\000A\000c\000t\000i\000v\000e\000\040\000m\000e\000m\000o\000r\000y\000\040\000s\000u\000b\000s\000y\000s\000t\000e\000m}{section*.39}% 25
\BOOKMARK [3][-]{section*.42}{\376\377\0001\0005\000.\0003\000\040\000A\000l\000t\000e\000r\000n\000a\000t\000i\000v\000e\000\040\000m\000o\000d\000u\000l\000e\000s\000\040\000n\000o\000t\000\040\000i\000n\000s\000t\000a\000n\000t\000i\000a\000t\000e\000d\000\040\000b\000y\000\040\000t\000h\000e\000\040\000t\000o\000p}{section*.39}% 26
\BOOKMARK [3][-]{section*.43}{\376\377\0001\0005\000.\0004\000\040\000P\000a\000r\000a\000m\000e\000t\000r\000i\000z\000a\000t\000i\000o\000n\000\040\000a\000n\000d\000\040\000s\000y\000n\000t\000h\000e\000s\000i\000s\000\040\000c\000o\000n\000s\000t\000r\000a\000i\000n\000t\000s}{section*.39}% 27
\BOOKMARK [2][-]{section*.44}{\376\377\0001\0006\000.\000\040\000O\000p\000e\000n\000\040\000i\000s\000s\000u\000e\000s\000\040\000a\000n\000d\000\040\000p\000r\000i\000o\000r\000i\000t\000i\000e\000s\000\040\000f\000o\000r\000\040\000t\000h\000e\000\040\000v\0001\000\040\000f\000r\000e\000e\000z\000e}{section*.1}% 28
